<html>
<body>
<pre>
<h1>µVision Build Log</h1>
<h2>Tool Versions:</h2>
IDE-Version: µVision V5.41.0.0
Copyright (C) 2024 ARM Ltd and ARM Germany GmbH. All rights reserved.
License Information: Ferass Ahmed, Ain Shams, LIC=----
 
Tool Versions:
Toolchain:       MDK-Lite  Version: 5.41.0.0
Toolchain Path:  C:\Keil_v5\ARM\ARMCLANG\Bin
C Compiler:      ArmClang.exe V6.22
Assembler:       Armasm.exe V6.22
Linker/Locator:  ArmLink.exe V6.22
Library Manager: ArmAr.exe V6.22
Hex Converter:   FromElf.exe V6.22
CPU DLL:         SARMCM3.DLL V5.41.0.0
Dialog DLL:      DCM.DLL V1.17.5.0
Target DLL:      lmidk-agdi.dll V???
Dialog DLL:      TCM.DLL V1.56.4.0
 
<h2>Project:</h2>
C:\Users\feras\OneDrive\Desktop\University\2025-2026 Junior\Spring 2026\CSE323 Advanced Embedded Systems Design\Embedded-Smart-Kitchen-System\SmartKitchenSystem.uvprojx
Project File Date:  08/12/2026

<h2>Output:</h2>
*** Using Compiler 'V6.22', folder: 'C:\Keil_v5\ARM\ARMCLANG\Bin'
Build target 'Target_1'
Note: source file 'C:/Users/feras/AppData/Local/Arm/Packs/ARM/CMSIS-FreeRTOS/11.3.0/Source/tasks.c' - object file renamed from '.\Objects\tasks.o' to '.\Objects\tasks_1.o'.
compiling switch.c...
compiling tasks.c...
linking...
Program Size: Code=15494 RO-data=866 RW-data=4 ZI-data=5680  
".\Objects\SmartKitchenSystem.axf" - 0 Error(s), 0 Warning(s).

<h2>Software Packages used:</h2>

Package Vendor: ARM
                https://www.keil.com/pack/ARM.CMSIS.6.3.0.pack
                ARM::CMSIS@6.3.0
                CMSIS (Common Microcontroller Software Interface Standard)
   * Component: CORE Version: 6.2.0

Package Vendor: ARM
                https://www.keil.com/pack/ARM.CMSIS-FreeRTOS.11.3.0.pack
                ARM::CMSIS-FreeRTOS@11.3.0
                Bundle of FreeRTOS for Cortex-M and Cortex-A
   * Component: Config Variant: FreeRTOS Version: 11.3.0
   * Component: Core Variant: Cortex-M Version: 11.3.0
   * Component: Heap Variant: Heap_1 Version: 11.3.0

Package Vendor: Keil
                http://www.keil.com/pack/Keil.TM4C_DFP.1.1.0.pack
                Keil::TM4C_DFP@1.1.0
                Texas Instruments Tiva C Series Device Support and Examples
   * Component: Startup Version: 1.0.1

<h2>Collection of Component include folders:</h2>
  ./RTE/RTOS
  ./RTE/_Target_1
  C:/Users/feras/AppData/Local/Arm/Packs/ARM/CMSIS-FreeRTOS/11.3.0/CMSIS/RTOS2/FreeRTOS/Include
  C:/Users/feras/AppData/Local/Arm/Packs/ARM/CMSIS-FreeRTOS/11.3.0/Source/include
  C:/Users/feras/AppData/Local/Arm/Packs/ARM/CMSIS-FreeRTOS/11.3.0/Source/portable/GCC/ARM_CM4F
  C:/Users/feras/AppData/Local/Arm/Packs/ARM/CMSIS/6.3.0/CMSIS/Core/Include
  C:/Users/feras/AppData/Local/Arm/Packs/Keil/TM4C_DFP/1.1.0/Device/Include/TM4C123

<h2>Collection of Component Files used:</h2>

   * Component: ARM::CMSIS:CORE@6.2.0

   * Component: ARM::RTOS&FreeRTOS:Config&FreeRTOS@11.3.0
      Include file:  Source/examples/template_configuration/FreeRTOSConfig.h

   * Component: ARM::RTOS&FreeRTOS:Core&Cortex-M@11.3.0
      Source file:   Source/portable/GCC/ARM_CM4F/port.c
      Source file:   Source/list.c
      Include file:  Source/include/semphr.h
      Source file:   Source/queue.c
      Include file:  Source/include/queue.h
      Include file:  Source/include/task.h
      Include file:  Source/include/FreeRTOS.h
      Source file:   Source/tasks.c
      Source file:   CMSIS/RTOS2/FreeRTOS/Source/freertos_evr.c

   * Component: ARM::RTOS&FreeRTOS:Heap&Heap_1@11.3.0
      Source file:   Source/portable/MemMang/heap_1.c

   * Component: Keil::Device:Startup@1.0.1
      Include file:  Device/Include/TM4C123/TM4C123.h
      Source file:   Device/Source/ARM/startup_TM4C123.s
      Source file:   Device/Source/system_TM4C123.c
Build Time Elapsed:  00:00:00
</pre>
</body>
</html>
